// Jest Snapshot v1, https://goo.gl/fbAQLP

exports[`renders correctly 1`] = `
<footer
  className="c-footer"
>
  <Container
    className=""
  >
    <div
      className="c-footer__inner"
    >
      <div
        className="c-footer__logos"
      >
        <div>
          <Logo
            className="u-color-white"
          />
          <small>
            MIT lisansı ile geliştirilmiştir.
          </small>
        </div>
        <div>
          <img
            alt="Search by Algolia"
            height="18"
            src="https://www.algolia.com/static_assets/images/press/downloads/search-by-algolia-white.svg"
          />
        </div>
      </div>
      <div>
        <h4
          className="u-text-uppercase u-clear-gap-top u-gap-bottom-xsmall u-color-muted"
        >
          Jargon
        </h4>
        <ul
          className="c-footer__menu"
        >
          <li
            className="c-footer__menu-item"
          >
            <GatsbyLink
              className="c-footer__menu-link"
              to="/"
            >
              Ana sayfa
            </GatsbyLink>
          </li>
          <li
            className="c-footer__menu-item"
          >
            <GatsbyLink
              className="c-footer__menu-link"
              to="/dizin"
            >
              Dizin
            </GatsbyLink>
          </li>
          <li
            className="c-footer__menu-item"
          >
            <GatsbyLink
              className="c-footer__menu-link"
              to="/konular"
            >
              Konular
            </GatsbyLink>
          </li>
        </ul>
      </div>
      <div>
        <h4
          className="u-text-uppercase u-clear-gap-top u-gap-bottom-xsmall u-color-muted"
          lang="en"
        >
          Github
        </h4>
        <ul
          className="c-footer__menu"
        >
          <li
            className="c-footer__menu-item"
          >
            <a
              className="c-footer__menu-link"
              rel="noopener noreferrer"
              target="_blank"
            >
              Kaynağı Görüntüle
            </a>
          </li>
          <li
            className="c-footer__menu-item"
          >
            <a
              className="c-footer__menu-link"
              rel="noopener noreferrer"
              target="_blank"
            >
              Katkıda Bulun
            </a>
          </li>
          <li
            className="c-footer__menu-item"
          >
            <a
              className="c-footer__menu-link"
              href="/pulls?q=is:pr+is:open+label:new-jargon"
              rel="noopener noreferrer"
              target="_blank"
            >
              Onay Bekleyen Jargonlar
            </a>
          </li>
          <li
            className="c-footer__menu-item"
          >
            <a
              className="c-footer__menu-link"
              href="/issues/new"
              rel="noopener noreferrer"
              target="_blank"
            >
              Sorun Bildir
            </a>
          </li>
          <li
            className="c-footer__menu-item"
          >
            <a
              className="c-footer__menu-link"
              href="#katkida-bulunanlar"
              rel="noopener noreferrer"
              target="_blank"
            >
              Katkıda Bulunanlar
            </a>
          </li>
        </ul>
      </div>
    </div>
  </Container>
</footer>
`;
