// Jest Snapshot v1, https://goo.gl/fbAQLP

exports[`renders correctly 1`] = `
<footer
  className="c-footer"
>
  <Container
    className=""
  >
    <div
      className="row"
    >
      <div
        className="col col--lg-6 c-footer__logos"
      >
        <div
          className="u-pad-bottom@md-down"
        >
          <Logo
            className="u-color-white u-block"
          />
          <small
            className="u-color-muted"
          >
            Bu proje MIT lisansı kullanmaktadır.
          </small>
        </div>
        <div
          className="u-hidden@lg-up u-gap-bottom-medium"
        >
          <div
            className="u-gap-bottom-xsmall"
          >
            <GatsbyLink
              className="c-footer__menu-link"
              to="/"
            >
              Ana sayfa
            </GatsbyLink>
          </div>
          <div
            className="u-gap-bottom-xsmall"
          >
            <GatsbyLink
              className="c-footer__menu-link"
              to="/dizin"
            >
              Dizin
            </GatsbyLink>
          </div>
          <div
            className="u-gap-bottom-xsmall"
          >
            <GatsbyLink
              className="c-footer__menu-link"
              to="/konular"
            >
              Konular
            </GatsbyLink>
          </div>
          <div
            className="u-gap-bottom-xsmall"
          >
            <a
              className="c-footer__menu-link"
              rel="noopener noreferrer"
              target="_blank"
            >
              GitHub
            </a>
          </div>
          <div
            className="u-gap-bottom-xsmall"
          >
            <a
              className="c-footer__menu-link"
              rel="noopener noreferrer"
              target="_blank"
            >
              Twitter
            </a>
          </div>
        </div>
        <div>
          <img
            alt="Search by Algolia"
            height="18"
            src="https://www.algolia.com/static_assets/images/press/downloads/search-by-algolia-white.svg"
          />
        </div>
      </div>
      <div
        className="col col--lg-2 u-hidden@md-down"
      >
        <h4
          className="u-uppercase u-clear-gap-top u-gap-bottom-xsmall u-color-muted"
          lang="en"
        >
          Jargon.ist
        </h4>
        <ul
          className="c-footer__menu"
        >
          <li
            className="c-footer__menu-item"
          >
            <GatsbyLink
              className="c-footer__menu-link"
              to="/"
            >
              Ana sayfa
            </GatsbyLink>
          </li>
          <li
            className="c-footer__menu-item"
          >
            <GatsbyLink
              className="c-footer__menu-link"
              to="/dizin"
            >
              Dizin
            </GatsbyLink>
          </li>
          <li
            className="c-footer__menu-item"
          >
            <GatsbyLink
              className="c-footer__menu-link"
              to="/konular"
            >
              Konular
            </GatsbyLink>
          </li>
        </ul>
      </div>
      <div
        className="col col--lg-2 u-hidden@md-down"
      >
        <h4
          className="u-uppercase u-clear-gap-top u-gap-bottom-xsmall u-color-muted"
          lang="en"
        >
          GitHub
        </h4>
        <ul
          className="c-footer__menu"
        >
          <li
            className="c-footer__menu-item"
          >
            <a
              className="c-footer__menu-link"
              rel="noopener noreferrer"
              target="_blank"
            >
              Kaynağı Görüntüle
            </a>
          </li>
          <li
            className="c-footer__menu-item"
          >
            <a
              className="c-footer__menu-link"
              rel="noopener noreferrer"
              target="_blank"
            >
              Katkıda Bulun
            </a>
          </li>
          <li
            className="c-footer__menu-item"
          >
            <a
              className="c-footer__menu-link"
              href="/pulls?q=is:pr+is:open+label:new-jargon"
              rel="noopener noreferrer"
              target="_blank"
            >
              Onay Bekleyenler
            </a>
          </li>
          <li
            className="c-footer__menu-item"
          >
            <a
              className="c-footer__menu-link"
              href="/issues/new"
              rel="noopener noreferrer"
              target="_blank"
            >
              Sorun Bildir
            </a>
          </li>
          <li
            className="c-footer__menu-item"
          >
            <a
              className="c-footer__menu-link"
              href="#katkida-bulunanlar"
              rel="noopener noreferrer"
              target="_blank"
            >
              Katkıda Bulunanlar
            </a>
          </li>
        </ul>
      </div>
      <div
        className="col col--lg-2 u-hidden@md-down"
      >
        <h4
          className="u-uppercase u-clear-gap-top u-gap-bottom-xsmall u-color-muted"
        >
          Kanallar
        </h4>
        <ul
          className="c-footer__menu"
        >
          <li
            className="c-footer__menu-item"
          >
            <a
              className="c-footer__menu-link"
              rel="noopener noreferrer"
              target="_blank"
            >
              GitHub
            </a>
          </li>
          <li
            className="c-footer__menu-item"
          >
            <a
              className="c-footer__menu-link"
              rel="noopener noreferrer"
              target="_blank"
            >
              Twitter
            </a>
          </li>
        </ul>
      </div>
    </div>
  </Container>
</footer>
`;
