// Jest Snapshot v1, https://goo.gl/fbAQLP

exports[`renders correctly 1`] = `
<React.Fragment>
  <Section
    className=""
  >
    <Container
      className=""
    >
      <Hero />
    </Container>
  </Section>
  <Section
    className=""
  >
    <Container
      className=""
    >
      <Features />
    </Container>
  </Section>
</React.Fragment>
`;
