// Jest Snapshot v1, https://goo.gl/fbAQLP

exports[`renders correctly 1`] = `
<div
  className="c-jargon-tags"
>
  <React.Fragment>
    <ul
      className="c-jargon-tags__list"
    >
      <li
        className="c-jargon-tags__tag"
        key="tag1"
      >
        <GatsbyLink
          className="c-jargon-tags__link"
          to="/k/tag1"
        >
          tag1
        </GatsbyLink>
      </li>
      <li
        className="c-jargon-tags__tag"
        key="tag2"
      >
        <GatsbyLink
          className="c-jargon-tags__link"
          to="/k/tag2"
        >
          tag2
        </GatsbyLink>
      </li>
    </ul>
  </React.Fragment>
</div>
`;
