// Jest Snapshot v1, https://goo.gl/fbAQLP

exports[`renders correctly 1`] = `
<React.Fragment>
  <Section
    className="u-bg-steel-gray"
  >
    <Container
      className=""
    >
      <h1
        className="u-color-primary u-clear-gap-top u-gap-bottom-small"
      >
        Konular
      </h1>
      <p
        className="u-color-comet u-half-width@md-up u-full-width@md-down"
      >
        Belli konular için gruplanmış jargonları görüntüleyin.
      </p>
    </Container>
  </Section>
  <Section
    className="u-pad-bottom-large"
  >
    <Container
      className=""
    >
      <div
        className="row"
      >
        <div
          className="col col--lg-12"
          key="0"
        >
          <div
            className="u-pad-bottom-large"
            key="T"
          >
            <h2
              className="u-color-primary u-clear-gap-top"
            >
              T
            </h2>
            <div
              className="u-gap-bottom-2xsmall"
              key="tag1"
            >
              <GatsbyLink
                className="c-link-secondary"
                to="/k/tag1"
              >
                tag1
              </GatsbyLink>
            </div>
            <div
              className="u-gap-bottom-2xsmall"
              key="tag2"
            >
              <GatsbyLink
                className="c-link-secondary"
                to="/k/tag2"
              >
                tag2
              </GatsbyLink>
            </div>
          </div>
        </div>
      </div>
    </Container>
  </Section>
</React.Fragment>
`;
