// Jest Snapshot v1, https://goo.gl/fbAQLP

exports[`renders correctly 1`] = `
<header
  className="c-header"
>
  <Container
    className=""
  >
    <div
      className="row u-align-items-center u-pad-ends-xsmall"
    >
      <div
        className="col col--lg-2 col--xs-4"
      >
        <GatsbyLink
          className="c-header__logo"
          to="/"
        >
          <Logo
            className=""
          />
        </GatsbyLink>
      </div>
      <div
        className="col col--lg-6 col--xs-8"
      >
        <Search />
      </div>
      <div
        className="col col--lg-4 u-flex u-hidden@md-down"
      >
        <Menu />
      </div>
    </div>
  </Container>
</header>
`;
