// Jest Snapshot v1, https://goo.gl/fbAQLP

exports[`renders correctly 1`] = `
<React.Fragment>
  <HelmetWrapper
    defer={true}
    encodeSpecialCharacters={true}
  >
    <title>
      hello
    </title>
    <meta
      content=""
      name="keywords"
    />
    <meta
      content="hello"
      name="og:title"
    />
    <meta
      content="hello"
      name="twitter:title"
    />
  </HelmetWrapper>
  <JargonDetail
    jargon={
      Object {
        "html": "<p>hello world</p>",
        "slug": "hello",
        "tags": Array [],
        "title": "hello",
      }
    }
  />
</React.Fragment>
`;
