// Jest Snapshot v1, https://goo.gl/fbAQLP

exports[`renders correctly 1`] = `
<React.Fragment>
  <HelmetWrapper
    defer={true}
    encodeSpecialCharacters={true}
  >
    <title>
      tag1 konulu jargonlar
    </title>
    <meta
      content="tag1 konulu jargonlar"
      name="og:title"
    />
    <meta
      content="tag1 konulu jargonlar"
      name="twitter:title"
    />
  </HelmetWrapper>
  <TagDetail
    jargons={
      Array [
        Object {
          "html": "",
          "slug": "hello",
          "title": "hello",
        },
      ]
    }
    tag="tag1"
    totalCount={0}
  />
</React.Fragment>
`;
