// Jest Snapshot v1, https://goo.gl/fbAQLP

exports[`renders correctly 1`] = `
<React.Fragment>
  <HelmetWrapper
    defer={true}
    encodeSpecialCharacters={true}
  >
    <title>
      Konular
    </title>
    <meta
      content="Konular"
      name="og:title"
    />
    <meta
      content="Konular"
      name="twitter:title"
    />
  </HelmetWrapper>
  <TagList
    tags={Array []}
  />
</React.Fragment>
`;
