// Jest Snapshot v1, https://goo.gl/fbAQLP

exports[`renders correctly 1`] = `
<React.Fragment>
  <Section
    className="u-bg-steel-gray"
  >
    <Container
      className=""
    >
      <h1
        className="u-color-primary u-clear-gap-top u-gap-bottom-small"
      >
        Dizin
      </h1>
      <p
        className="u-color-comet u-half-width@md-up u-full-width@md-down"
      >
        Çeşitli programlama dillerinden ve prensiplerinden birçok jargonu alfabetik olarak görüntüleyin, örneklerle birlikte jargona hakim olun.
      </p>
    </Container>
  </Section>
  <Section
    className="u-pad-bottom-large"
  >
    <Container
      className=""
    >
      <div
        className="row"
      >
        <div
          className="col col--lg-12"
          key="0"
        >
          <div
            className="u-pad-bottom-large"
            key="E"
          >
            <h2
              className="u-color-primary u-clear-gap-top"
            >
              E
            </h2>
            <div
              className="u-gap-bottom-2xsmall"
              key="example-jargon-1"
            >
              <GatsbyLink
                className="c-link-secondary u-font-family-secondary"
                to="/example-jargon-1"
              >
                Example Jargon 1
              </GatsbyLink>
            </div>
            <div
              className="u-gap-bottom-2xsmall"
              key="example-jargon-2"
            >
              <GatsbyLink
                className="c-link-secondary u-font-family-secondary"
                to="/example-jargon-2"
              >
                Example Jargon 2
              </GatsbyLink>
            </div>
          </div>
        </div>
      </div>
    </Container>
  </Section>
</React.Fragment>
`;
