// Jest Snapshot v1, https://goo.gl/fbAQLP

exports[`renders correctly 1`] = `
<React.Fragment>
  <h1
    className="u-text-lowercase"
  >
    Example Jargon 1
  </h1>
  <div
    dangerouslySetInnerHTML={
      Object {
        "__html": "<p>Hello world</p>",
      }
    }
  />
  <React.Fragment>
    <hr
      className="u-gap-top-medium"
    />
    <div>
      <GatsbyLink
        className="u-gap-right-small u-text-lowercase"
        key="tag1"
        to="/k/tag1"
      >
        tag1
      </GatsbyLink>
      <GatsbyLink
        className="u-gap-right-small u-text-lowercase"
        key="tag2"
        to="/k/tag2"
      >
        tag2
      </GatsbyLink>
    </div>
  </React.Fragment>
</React.Fragment>
`;
