// Jest Snapshot v1, https://goo.gl/fbAQLP

exports[`renders correctly 1`] = `
<Section
  className=""
>
  <Container
    className=""
  >
    <div
      className="u-pad-sides-2xlarge@lg-up u-pad-sides-large@md-up u-pad-sides@sm-up"
    >
      <h1
        className="u-color-primary u-clear-gap"
      >
        Example Jargon 1
      </h1>
      <JargonTags
        className="u-gap-top-small"
        max={6}
        tags={
          Array [
            Object {
              "slug": "tag1",
              "title": "tag1",
            },
            Object {
              "slug": "tag2",
              "title": "tag2",
            },
          ]
        }
      />
      <div
        className="u-pad-top"
        dangerouslySetInnerHTML={
          Object {
            "__html": "<p>Hello world</p>",
          }
        }
      />
    </div>
  </Container>
</Section>
`;
